// Jest Snapshot v1, https://goo.gl/fbAQLP

exports[`About should renders 1`] = `
<div>
  ABOUT
</div>
`;
