// Jest Snapshot v1, https://goo.gl/fbAQLP

exports[`Home should renders 1`] = `
<div>
  HOME
</div>
`;
