// Jest Snapshot v1, https://goo.gl/fbAQLP

exports[`AppMain should renders 1`] = `<styled.main />`;
